[sites.google.com/site/saifahmednow/index.html]
[ssl.gstatic.com/sites/p/2f468a/system/app/images/apple-touch-icon.png]
[backblue.gif]
[fade.gif]
[index.html]
[ssl.gstatic.com/sites/p/2f468a/system/app/images/cleardot.gif]
[ssl.gstatic.com/sites/p/2f468a/system/js/trog_edit__en.js]
[sites.google.com/site/saifahmednow/home.html]
[sites.google.com/site/saifahmednow/research.html]
[sites.google.com/site/saifahmednow/publications.html]
[sites.google.com/site/saifahmednow/project-works.html]
[sites.google.com/site/saifahmednow/technical-skills.html]
[sites.google.com/site/saifahmednow/achievements.html]
[sites.google.com/site/saifahmednow/contact.html]
[sites.google.com/site/saifahmednow/system/app/pages/sitemap/hierarchy.html]
[sites.google.com/site/saifahmednow/home/me_hp.126fb5.delayed]
[4a1ea5ed-a-62cb3a1a-s-sites.googlegroups.com/site/saifahmednow/home/me_hp528b.jpg]
[sites.google.com/site/saifahmednow/_/rsrc/1438245076881/home/me_hp6b20.jpg]
[sites.google.com/site/saifahmednow/system/app/pages/recentChanges.html]
[sites.google.com/site/saifahmednow/system/app/pages/reportAbuse.html]
[ssl.gstatic.com/sites/p/2f468a/system/js/jot_min_view__en.js]
[sites.google.com/site/saifahmednow/_/tz.18.delayed]
[sites.google.com/site/saifahmednow/index.html]
[ssl.gstatic.com/sites/p/2f468a/system/app/css/codemirror_css.css]
[ssl.gstatic.com/editor/bubble2_tr.gif]
[ssl.gstatic.com/sites/p/2f468a/system/app/css/trogedit.css]
[sites.google.com/site/saifahmednow/_/rsrc/1465686560000/system/app/images/toolbar-check.gif]
[sites.google.com/site/saifahmednow/_/rsrc/1465686560000/system/app/images/icon-help-kennedy.png]
[sites.google.com/site/sites/system/app/images/icon_plusone.1c.delayed]
[www.google.com/a/UniversalLogin.1dc521.delayed]
[sites.google.com/site/sites/system/app/images/plusbadge.2c.delayed]
[www.google.com/a/UniversalLogin.2d263a.delayed]
[ssl.gstatic.com/images/icons/gplus-64.png]
[ssl.gstatic.com/images/icons/gplus-32.png]
[ssl.gstatic.com/images/icons/gplus-16.png]
[sites.google.com/site/saifahmednow/_/rsrc/1465686560000/system/app/css/editor.css]
[ssl.gstatic.com/sites/p/2f468a/system/app/css/codeeditor.css]
[ssl.gstatic.com/ui/v1/menu/checkmark-partial.png]
[ssl.gstatic.com/sites/p/2f468a/system/app/themes/iceberg/standard-css-iceberg-ltr-ltr.css]
[sites.google.com/site/saifahmednow/_/rsrc/1465686560000/system/app/css/overlay1145.css]
[sites.google.com/site/saifahmednow/_/rsrc/1465686560000/system/app/images/camelot.png]
[sites.google.com/site/saifahmednow/_/rsrc/1465686560000/system/app/css/camelot/allthemes-view.css]
[sites.google.com/site/saifahmednow/home.html]
[sites.google.com/site/saifahmednow/research.html]
[sites.google.com/site/saifahmednow/resume/SNS Search-Saif Ahmed.35a027.delayed]
[sites.google.com/site/saifahmednow/publications.html]
[sites.google.com/site/saifahmednow/project-works.html]
[sites.google.com/site/saifahmednow/technical-skills.html]
[sites.google.com/site/saifahmednow/achievements.html]
[sites.google.com/site/saifahmednow/contact.html]
[ssl.gstatic.com/sites/p/2f468a/system/js/jot_min__en.js]
[sites.google.com/site/saifahmednow/system.html]
[sites.google.com/site/saifahmednow/system/app.html]
[sites.google.com/site/saifahmednow/system/app/pages.html]
[sites.google.com/site/saifahmednow/system/app/pages/sitemap/hierarchy.html]
[sites.google.com/site/saifahmednow/system/app/pages/sitemap.html]
[sites.google.com/site/saifahmednow/activity.xml]
[sites.google.com/site/saifahmednow/resume/Resume_SaifAhmed_May2016.3c6fb5.delayed]
[sites.google.com/site/saifahmednow/resume.html]
[sites.google.com/site/saifahmednow/resume/Resume_SaifAhmed_(Mar_2016_2pg)_sedaU.3e6fb5.delayed]
[sites.google.com/site/saifahmednow/resume/Saif-Ahmed-FinalTalk-HP-SummerIntern.3f6fb5.delayed]
[sites.google.com/site/saifahmednow/resume/Poster_Ahmed-Saif_(HP Labs Summer-2015 Intern).426fb5.delayed]
[sites.google.com/site/saifahmednow/resume/FinalTalk_Ahmed-Saif_(HP Labs Summer-2015 Intern).436fb5.delayed]
[sites.google.com/site/saifahmednow/system/app/pages/recentChanges.html]
[sites.google.com/site/saifahmednow/system/app/pages/recentChanges4c30.html]
[sites.google.com/site/saifahmednow/system/app/pages/reportAbuse.html]
[sites.google.com/site/saifahmednow/_/tz.html]
[sites.google.com/site/saifahmednow/system.html]
[sites.google.com/site/saifahmednow/system/app.html]
[sites.google.com/site/saifahmednow/system/app/pages.html]
[sites.google.com/site/saifahmednow/system/app/pages/sitemap.html]
[sites.google.com/site/saifahmednow/resume/Saif-Ahmed-CV-Jan 2014.479a1b.delayed]
[ssl.gstatic.com/sites/p/2f468a/system/app/images/spinner.gif]
[sites.google.com/site/saifahmednow/system/app/pages/admin/revisions.49d3f4.delayed]
[sites.google.com/site/saifahmednow/resume/1. IS3E-2012.4a9a1b.delayed]
[sites.google.com/site/saifahmednow/system/app/pages/admin/revisions.4be485.delayed]
[sites.google.com/site/saifahmednow/resume/10 ICACCI-2013.4c9a1b.delayed]
[sites.google.com/site/saifahmednow/system/app/pages/admin/revisions.4dfca2.delayed]
[sites.google.com/site/saifahmednow/resume/10. Gmail - [SNeS-2013] Your paper 1569773359 (MassFeed for Developing Countries_ Our Opinion, Our Voice).4e9a1b.delayed]
[sites.google.com/site/saifahmednow/system/app/pages/admin/revisions.4f6273.delayed]
[sites.google.com/site/saifahmednow/resume/3. GECCO-2013 FTEP.509a1b.delayed]
[sites.google.com/site/saifahmednow/system/app/pages/admin/revisions.511109.delayed]
[sites.google.com/site/saifahmednow/resume/4. CICSyn-2013.529a1b.delayed]
[sites.google.com/site/saifahmednow/system/app/pages/admin/revisions.53d3a8.delayed]
[sites.google.com/site/saifahmednow/resume/4. Gmail - [CICSyN2013] Your paper 1569757879 (SNS Search in Developing Countries_ Linking the People to End Digital Division in Information Retrieval).549a1b.delayed]
[sites.google.com/site/saifahmednow/system/app/pages/admin/revisions.55b918.delayed]
[sites.google.com/site/saifahmednow/resume/5. UCNC-2013.569a1b.delayed]
[sites.google.com/site/saifahmednow/system/app/pages/admin/revisions.57ae76.delayed]
[sites.google.com/site/saifahmednow/resume/6. Gmail - ICIEV 2013_ Paper 375 Decision.589a1b.delayed]
[sites.google.com/site/saifahmednow/system/app/pages/admin/revisions.5984cc.delayed]
[sites.google.com/site/saifahmednow/resume/6. ICIEV-2013MEP.5a9a1b.delayed]
[sites.google.com/site/saifahmednow/system/app/pages/admin/revisions.5b763e.delayed]
[sites.google.com/site/saifahmednow/resume/7. GECCO-2013 FLEP.5c9a1b.delayed]
[sites.google.com/site/saifahmednow/system/app/pages/admin/revisions.5dd909.delayed]
[sites.google.com/site/saifahmednow/resume/8. CEC-2013 Self Adaptive.5e9a1b.delayed]
[sites.google.com/site/saifahmednow/system/app/pages/admin/revisions.5f8fec.delayed]
[sites.google.com/site/saifahmednow/resume/9. Gmail - ACM_IEEE ASONAM 2013 Notification.609a1b.delayed]
[sites.google.com/site/saifahmednow/system/app/pages/admin/revisions.61ed6f.delayed]
[sites.google.com/site/saifahmednow/resume/Email Statement of I20 Correction - Form I-20 Issuance Documents Needed.629a1b.delayed]
[sites.google.com/site/saifahmednow/system/app/pages/admin/revisions.63b085.delayed]
[sites.google.com/site/saifahmednow/resume/FinalTalk_Ahmed-Saif_(HP Labs Summer-2015 Intern).649a1b.delayed]
[sites.google.com/site/saifahmednow/system/app/pages/admin/revisions.65494c.delayed]
[sites.google.com/site/saifahmednow/resume/MassFeed - ICACCI2013.669a1b.delayed]
[sites.google.com/site/saifahmednow/system/app/pages/admin/revisions.67e198.delayed]
[sites.google.com/site/saifahmednow/resume/Poster_Ahmed-Saif_(HP Labs Summer-2015 Intern).689a1b.delayed]
[sites.google.com/site/saifahmednow/system/app/pages/admin/revisions.691605.delayed]
[sites.google.com/site/saifahmednow/resume/Resume_SaifAhmed_(Mar_2016_2pg)_sedaU.6a9a1b.delayed]
[sites.google.com/site/saifahmednow/system/app/pages/admin/revisions.6b0ae1.delayed]
[sites.google.com/site/saifahmednow/resume/Resume_SaifAhmed_May2016.6c9a1b.delayed]
[sites.google.com/site/saifahmednow/system/app/pages/admin/revisions.6da040.delayed]
[sites.google.com/site/saifahmednow/resume/SNS Search-Saif Ahmed.6e9a1b.delayed]
[sites.google.com/site/saifahmednow/system/app/pages/admin/revisions.6fc77e.delayed]
[sites.google.com/site/saifahmednow/resume/SNS Search_saif_ozchi13.709a1b.delayed]
[sites.google.com/site/saifahmednow/system/app/pages/admin/revisions.71fee7.delayed]
[sites.google.com/site/saifahmednow/system/app/pages/admin/revisions.738e1f.delayed]
[sites.google.com/site/saifahmednow/resume/Saif-Ahmed-FinalTalk-HP-SummerIntern.749a1b.delayed]
[sites.google.com/site/saifahmednow/system/app/pages/admin/revisions.758f86.delayed]
[sites.google.com/site/saifahmednow/resume/asonam2013_submission_102.769a1b.delayed]
[sites.google.com/site/saifahmednow/system/app/pages/admin/revisions.77644a.delayed]
[sites.google.com/site/saifahmednow/resume/ebasonam2013_submission_63.789a1b.delayed]
[sites.google.com/site/saifahmednow/resume/file0001.796fb5.delayed]
[4a1ea5ed-a-62cb3a1a-s-sites.googlegroups.com/site/saifahmednow/resume/file0001b301.jpg]
[sites.google.com/site/saifahmednow/system/app/pages/admin/revisions.7b820f.delayed]
[sites.google.com/site/saifahmednow/resume/file0001.7c9a1b.delayed]
[4a1ea5ed-a-62cb3a1a-s-sites.googlegroups.com/site/saifahmednow/resume/file00014eff.jpg]
[sites.google.com/site/saifahmednow/resume.html]
[sites.google.com/site/saifahmednow/home/me_mason.7e6fb5.delayed]
[4a1ea5ed-a-62cb3a1a-s-sites.googlegroups.com/site/saifahmednow/home/me_mason696d.jpg]
[sites.google.com/site/saifahmednow/home/me_fb.806fb5.delayed]
[4a1ea5ed-a-62cb3a1a-s-sites.googlegroups.com/site/saifahmednow/home/me_fb357a.jpg]
[sites.google.com/site/saifahmednow/system/errors/NodeNotFound5ee6.html]
[sites.google.com/site/saifahmednow/system/errors/NodeNotFoundf154.html]
[sites.google.com/site/saifahmednow/system/errors/NodeNotFound8aff.html]
[sites.google.com/site/saifahmednow/system/errors/NodeNotFounde91c.html]
[sites.google.com/site/saifahmednow/system/errors/NodeNotFound484e.html]
[sites.google.com/site/saifahmednow/system/errors/NodeNotFound6216.html]
[sites.google.com/site/saifahmednow/system/errors/NodeNotFound2bc8.html]
[sites.google.com/site/saifahmednow/system/errors/NodeNotFound6c16.html]
[sites.google.com/site/saifahmednow/system/errors/NodeNotFound0ae7.html]
[sites.google.com/site/saifahmednow/system/errors/NodeNotFound3015.html]
[sites.google.com/site/saifahmednow/system/errors/NodeNotFounda309.html]
[sites.google.com/site/saifahmednow/system/errors/NodeNotFound341d.html]
[sites.google.com/site/saifahmednow/system/errors/NodeNotFound3898.html]
[sites.google.com/site/saifahmednow/system/errors/NodeNotFound9e23.html]
[sites.google.com/site/saifahmednow/system/app/pages/recentChangese164.html]
[sites.google.com/site/saifahmednow/system/app/pages/recentChanges4c30.html]
[sites.google.com/site/saifahmednow/system/app/pages/recentChangesf13c.html]
[sites.google.com/site/saifahmednow/_/rsrc/1465686560000/system/app/images/spinner.gif]
[www.gstatic.com/images/branding/product/1x/atari_24dp.png]
[www.gstatic.com/images/branding/product/1x/sites_24dp.png]
[sites.google.com/site/saifahmednow/_/rsrc/1465686560000/system/app/css/camelot/dashboard.css]
[sites.google.com/site/saifahmednow/_/rsrc/1465686560000/system/app/css/camelot/error.css]
[sites.google.com/site/saifahmednow/system/errors/NodeNotFound5ee6.html]
[sites.google.com/site/saifahmednow/system/errors/NodeNotFoundf154.html]
[sites.google.com/site/saifahmednow/system/errors/NodeNotFound8aff.html]
[sites.google.com/site/saifahmednow/system/errors/NodeNotFounde91c.html]
[sites.google.com/site/saifahmednow/system/errors/NodeNotFound484e.html]
[sites.google.com/site/saifahmednow/system/errors/NodeNotFound6216.html]
[sites.google.com/site/saifahmednow/system/errors/NodeNotFound2bc8.html]
[sites.google.com/site/saifahmednow/system/errors/NodeNotFound6c16.html]
[sites.google.com/site/saifahmednow/system/errors/NodeNotFound0ae7.html]
[sites.google.com/site/saifahmednow/system/errors/NodeNotFound3015.html]
[sites.google.com/site/saifahmednow/system/errors/NodeNotFounda309.html]
[sites.google.com/site/saifahmednow/system/errors/NodeNotFound341d.html]
[sites.google.com/site/saifahmednow/system/errors/NodeNotFound3898.html]
[sites.google.com/site/saifahmednow/system/errors/NodeNotFound9e23.html]
[sites.google.com/site/saifahmednow/system/errors/NodeNotFoundb356.html]
[sites.google.com/site/saifahmednow/resume/Email Statement of I20 Correction - Form I-20 Issuance Documents Needed.976fb5.delayed]
[sites.google.com/site/saifahmednow/resume/ebasonam2013_submission_63.986fb5.delayed]
[sites.google.com/site/saifahmednow/resume/Saif-Ahmed-CV-Jan 2014.996fb5.delayed]
[sites.google.com/site/saifahmednow/system/errors/NodeNotFoundec99.html]
[sites.google.com/site/saifahmednow/system/errors/NodeNotFoundcbb2.html]
[sites.google.com/site/saifahmednow/system/app/pages/recentChangese164.html]
[sites.google.com/site/saifahmednow/system/app/pages/recentChangesf13c.html]
[docs.google.com/images/env.html]
[sites.google.com/site/saifahmednow/system/errors/NodeNotFoundb356.html]
[sites.google.com/site/saifahmednow/system/errors/NodeNotFoundec99.html]
[sites.google.com/site/saifahmednow/system/errors/NodeNotFoundcbb2.html]
[sites.google.com/site/saifahmednow/system/app/pages/recentChanges79ee.html]
[sites.google.com/site/saifahmednow/system/errors/NodeNotFound2c92.html]
[sites.google.com/site/saifahmednow/system/errors/NodeNotFounddaba.html]
[sites.google.com/site/saifahmednow/system/errors/NodeNotFoundfd01.html]
[sites.google.com/site/saifahmednow/system/app/pages/recentChanges79ee.html]
[sites.google.com/site/saifahmednow/system/errors/NodeNotFound2c92.html]
[sites.google.com/site/saifahmednow/system/errors/NodeNotFounddaba.html]
[sites.google.com/site/saifahmednow/system/errors/NodeNotFoundfd01.html]
[sites.google.com/site/saifahmednow/system/app/pages/recentChanges1206.html]
[sites.google.com/site/saifahmednow/resume/10 ICACCI-2013.a86fb5.delayed]
[sites.google.com/site/saifahmednow/system/errors/NodeNotFoundaed6.html]
[sites.google.com/site/saifahmednow/system/errors/NodeNotFound0a14.html]
[sites.google.com/site/saifahmednow/resume/SNS Search-Saif Ahmed.ab6fb5.delayed]
[sites.google.com/site/saifahmednow/resume/SNS Search_saif_ozchi13.ac6fb5.delayed]
[sites.google.com/site/saifahmednow/system/app/pages/recentChanges1206.html]
[sites.google.com/site/saifahmednow/system/errors/NodeNotFoundaed6.html]
[sites.google.com/site/saifahmednow/system/errors/NodeNotFound0a14.html]
[sites.google.com/site/saifahmednow/system/app/pages/recentChanges0e37.html]
[sites.google.com/site/saifahmednow/resume/8. CEC-2013 Self Adaptive.af6fb5.delayed]
[sites.google.com/site/saifahmednow/resume/6. ICIEV-2013MEP.b06fb5.delayed]
[sites.google.com/site/saifahmednow/resume/5. UCNC-2013.b16fb5.delayed]
[sites.google.com/site/saifahmednow/resume/4. CICSyn-2013.b26fb5.delayed]
[sites.google.com/site/saifahmednow/resume/7. GECCO-2013 FLEP.b36fb5.delayed]
[sites.google.com/site/saifahmednow/resume/3. GECCO-2013 FTEP.b46fb5.delayed]
[sites.google.com/site/saifahmednow/resume/1. IS3E-2012.b56fb5.delayed]
[sites.google.com/site/saifahmednow/resume/10. Gmail - [SNeS-2013] Your paper 1569773359 (MassFeed for Developing Countries_ Our Opinion, Our Voice).b66fb5.delayed]
[sites.google.com/site/saifahmednow/resume/9. Gmail - ACM_IEEE ASONAM 2013 Notification.b76fb5.delayed]
[sites.google.com/site/saifahmednow/resume/6. Gmail - ICIEV 2013_ Paper 375 Decision.b86fb5.delayed]
[sites.google.com/site/saifahmednow/resume/4. Gmail - [CICSyN2013] Your paper 1569757879 (SNS Search in Developing Countries_ Linking the People to End Digital Division in Information Retrieval).b96fb5.delayed]
[sites.google.com/site/saifahmednow/resume/MassFeed - ICACCI2013.ba6fb5.delayed]
[sites.google.com/site/saifahmednow/system/errors/NodeNotFound0576.html]
[sites.google.com/site/saifahmednow/system/app/pages/recentChanges0e37.html]
[sites.google.com/site/saifahmednow/system/errors/NodeNotFound0576.html]
[sites.google.com/site/saifahmednow/system/app/pages/recentChangesbb6e.html]
[sites.google.com/site/saifahmednow/home/meeeeeee.bd6fb5.delayed]
[4a1ea5ed-a-62cb3a1a-s-sites.googlegroups.com/site/saifahmednow/home/meeeeeee87d2.jpg]
[sites.google.com/site/saifahmednow/system/errors/NodeNotFoundbfb3.html]
[sites.google.com/site/saifahmednow/system/errors/NodeNotFound9704.html]
[sites.google.com/site/saifahmednow/resume/asonam2013_submission_102.c16fb5.delayed]
[sites.google.com/site/saifahmednow/system/errors/NodeNotFound7f62.html]
[sites.google.com/site/saifahmednow/system/app/pages/recentChangesbb6e.html]
[sites.google.com/site/saifahmednow/system/errors/NodeNotFoundbfb3.html]
[sites.google.com/site/saifahmednow/system/errors/NodeNotFound9704.html]
[sites.google.com/site/saifahmednow/system/errors/NodeNotFound7f62.html]
[sites.google.com/site/saifahmednow/system/app/pages/recentChanges7880.html]
[sites.google.com/site/saifahmednow/system/errors/NodeNotFoundc6e2.html]
[sites.google.com/site/saifahmednow/home/me.c56fb5.delayed]
[4a1ea5ed-a-62cb3a1a-s-sites.googlegroups.com/site/saifahmednow/home/me37c5.jpg]
[sites.google.com/site/saifahmednow/system/app/pages/recentChanges7880.html]
[sites.google.com/site/saifahmednow/system/errors/NodeNotFoundc6e2.html]
[sites.google.com/site/saifahmednow/system/app/pages/recentChanges1902.html]
[sites.google.com/site/saifahmednow/system/errors/NodeNotFound5389.html]
[sites.google.com/site/saifahmednow/academic-1.html]
[sites.google.com/site/saifahmednow/system/errors/NodeNotFound8c6f.html]
[sites.google.com/site/saifahmednow/system/app/pages/recentChanges1902.html]
[sites.google.com/site/saifahmednow/system/errors/NodeNotFound5389.html]
[sites.google.com/site/saifahmednow/academic-1.html]
[sites.google.com/site/saifahmednow/system/errors/NodeNotFound8c6f.html]
[sites.google.com/site/saifahmednow/system/app/pages/recentChangesbd62.html]
[sites.google.com/site/saifahmednow/system/errors/NodeNotFound0a70.html]
[sites.google.com/site/saifahmednow/system/app/pages/recentChangesbd62.html]
[sites.google.com/site/saifahmednow/system/errors/NodeNotFound0a70.html]
[sites.google.com/site/saifahmednow/system/app/pages/recentChanges4e41.html]
[sites.google.com/site/saifahmednow/home/PPPP2.ce6fb5.delayed]
[4a1ea5ed-a-62cb3a1a-s-sites.googlegroups.com/site/saifahmednow/home/PPPP2a0d7.jpg]
[sites.google.com/site/saifahmednow/system/app/pages/recentChanges4e41.html]
[sites.google.com/site/saifahmednow/system/app/pages/recentChangesffc0.html]
[sites.google.com/site/saifahmednow/system/errors/NodeNotFound5866.html]
[sites.google.com/site/saifahmednow/system/app/pages/recentChangesffc0.html]
[sites.google.com/site/saifahmednow/system/errors/NodeNotFound5866.html]
[sites.google.com/site/saifahmednow/system/app/pages/recentChanges5585.html]
[sites.google.com/site/saifahmednow/system/errors/NodeNotFoundf6b1.html]
[sites.google.com/site/saifahmednow/system/errors/NodeNotFound0f88.html]
[sites.google.com/site/saifahmednow/system/errors/NodeNotFound0837.html]
[sites.google.com/site/saifahmednow/system/app/pages/recentChanges5585.html]
[sites.google.com/site/saifahmednow/system/errors/NodeNotFoundf6b1.html]
[sites.google.com/site/saifahmednow/system/errors/NodeNotFound0f88.html]
[sites.google.com/site/saifahmednow/system/errors/NodeNotFound0837.html]
[sites.google.com/site/saifahmednow/system/errors/NodeNotFound7410.html]
[sites.google.com/site/saifahmednow/system/errors/NodeNotFound7410.html]
